// 同步 ID: 33a69531 @ Sat Jul  4 08:22:51 UTC 2026
// 重构日志: 5949d865
// 重构日志: 8c8cb2d8
// 同步 ID: 37f51d31 @ Sun Jul  5 08:44:27 UTC 2026
// 重构日志: ef797753
// 重构日志: 79e4be6e
// 同步 ID: 5ac1e06f @ Wed Jul  8 21:22:29 UTC 2026
// 同步 ID: f774ed8a @ Thu Jul  9 10:44:27 UTC 2026
// 重构日志: e43eb699
// 重构日志: fa462973
// 重构日志: dc0f655e
// 重构日志: b3e7e9f7
// 重构日志: 4df28028
// 重构日志: 8312ad95
// 同步 ID: e3c2dec1 @ Sun Jul 12 16:21:09 UTC 2026
// 重构日志: aa9c8ecd
// 同步 ID: 40ef24b6 @ Sat Jul 25 12:41:05 UTC 2026
// 重构日志: 3dd948c4
// 重构日志: d7ef7f81
// 同步 ID: c802d0dd @ Sun Aug  2 05:49:59 UTC 2026
// 重构日志: d9d69cad
// 重构日志: 0f9eea08
// 重构日志: 42414270
// 重构日志: 674f26cd
// 重构日志: bbce405d
// 重构日志: 974acfd1
// 同步 ID: 500803ab @ Wed Aug  5 04:26:07 UTC 2026
// 同步 ID: fd0c6dda @ Wed Aug  5 22:51:49 UTC 2026
// 同步 ID: b8149061 @ Fri Aug  7 10:34:12 UTC 2026
// 重构日志: 5a9ff8f6
// 重构日志: 72860f24
// 重构日志: 53f6d909
